// Jest Snapshot v1, https://goo.gl/fbAQLP

exports[`render snapshot when there are no parameter 1`] = `
<div
  className="App"
>
  <div>
    <nav>
      <ul>
        <li>
          <a
            className="active"
            href="#home"
          >
            Home
          </a>
        </li>
        <li>
          <a
            href="#news"
          >
            News
          </a>
        </li>
        <li>
          <a
            href="#about"
          >
            About
          </a>
        </li>
        <li>
          <a
            href="#contact "
          >
            Contact
          </a>
        </li>
      </ul>
    </nav>
  </div>
  <div
    className="container"
  >
    <div
      className="column"
    >
      <div
        className="card"
      >
        <img
          alt=""
          src="assets/images/cr.jpg"
        />
        <h3>
          Cristiano Ronaldo
        </h3>
        <p
          className="title"
        >
          Manchester United
        </p>
        <p>
          <button>
            Detail
          </button>
        </p>
      </div>
    </div>
    <div
      className="column"
    >
      <div
        className="card"
      >
        <img
          alt=""
          src="assets/images/kante.jpg"
        />
        <h3>
          Kante
        </h3>
        <p
          className="title"
        >
          Chelsea
        </p>
        <p>
          <button>
            Detail
          </button>
        </p>
      </div>
    </div>
    <div
      className="column"
    >
      <div
        className="card"
      >
        <img
          alt=""
          src="assets/images/messi.jpg"
        />
        <h3>
          Messi
        </h3>
        <p
          className="title"
        >
          PSG
        </p>
        <p>
          <button>
            Detail
          </button>
        </p>
      </div>
    </div>
    <div
      className="column"
    >
      <div
        className="card"
      >
        <img
          alt=""
          src="assets/images/neymar.jpg"
        />
        <h3>
          Neymar
        </h3>
        <p
          className="title"
        >
          PSG
        </p>
        <p>
          <button>
            Detail
          </button>
        </p>
      </div>
    </div>
    <div
      className="column"
    >
      <div
        className="card"
      >
        <img
          alt=""
          src="assets/images/kane.jpg"
        />
        <h3>
          Kane
        </h3>
        <p
          className="title"
        >
          Tottemham
        </p>
        <p>
          <button>
            Detail
          </button>
        </p>
      </div>
    </div>
    <div
      className="column"
    >
      <div
        className="card"
      >
        <img
          alt=""
          src="assets/images/haaland.jpg"
        />
        <h3>
          Haaland
        </h3>
        <p
          className="title"
        >
          Manchester City
        </p>
        <p>
          <button>
            Detail
          </button>
        </p>
      </div>
    </div>
  </div>
</div>
`;
